Not contains

0) actual
1) custom 'actual' (str) should not contain 't' (str)
