Greater

0) 1
1) 'int' object has no attribute 'strip'
2) custom '1' (int) should be less than '0' (int)
