AssertionOperator.equal
AssertionOperator.inequal
AssertionOperator.>=
AssertionOperator.greater than
AssertionOperator.<=
AssertionOperator.less than
