AssertionOperator.contains
AssertionOperator.validate
AssertionOperator.then
AssertionOperator.equal
AssertionOperator.inequal
