<enum 'AssertionOperator'>
equal::::AssertionOperator.equal
==::::AssertionOperator.equal
should be::::AssertionOperator.equal
inequal::::AssertionOperator.inequal
!=::::AssertionOperator.inequal
should not be::::AssertionOperator.inequal
less than::::AssertionOperator.less than
<::::AssertionOperator.less than
greater than::::AssertionOperator.greater than
>::::AssertionOperator.greater than
<=::::AssertionOperator.<=
>=::::AssertionOperator.>=
contains::::AssertionOperator.contains
not contains::::AssertionOperator.not contains
*=::::AssertionOperator.contains
starts::::AssertionOperator.starts
^=::::AssertionOperator.starts
should start with::::AssertionOperator.starts
ends::::AssertionOperator.ends
should end with::::AssertionOperator.ends
$=::::AssertionOperator.ends
matches::::AssertionOperator.matches
validate::::AssertionOperator.validate
then::::AssertionOperator.then
evaluate::::AssertionOperator.then
