Not equal

0) actual
1) partial error message 'actual' (str) should not be 'actual' (str)
2) actual
3) 'actual' (str) should not be 'actual' (str)
