AssertionOperator.equal::["'should", "be')"]
AssertionOperator.inequal::["'should", 'not', "be')"]
AssertionOperator.less than::["'should", 'be', 'less', "than')"]
AssertionOperator.greater than::["'should", 'be', 'greater', "than')"]
AssertionOperator.<=::["'should", 'be', 'less', 'than', 'or', "equal')"]
AssertionOperator.>=::["'should", 'be', 'greater', 'than', 'or', "equal')"]
AssertionOperator.contains::["'should", "contain')"]
AssertionOperator.not contains::["'should", 'not', "contain')"]
AssertionOperator.matches::["'should", "match')"]
AssertionOperator.starts::["'should", 'start', "with')"]
AssertionOperator.ends::["'should", 'end', "with')"]
AssertionOperator.validate::["'should", 'validate', 'to', 'true', "with')"]
